
> smart-traffic-system-frontend@0.0.0 build
> vite build

[36mvite v5.4.21 [32mbuilding for production...[36m[39m
transforming...
[32mΓ£ô[39m 3 modules transformed.
node.exe : [31mx[39m 
Build failed in 416ms
At line:1 char:1
+ & "C:\Program 
Files\nodejs/node.exe" 
"C:\Users\vv403\AppData
\Roaming\ ...
+ ~~~~~~~~~~~~~~~~~~~~~
~~~~~~~~~~~~~~~~~~~~~~~
~~~~~~~~~~~~~~~~~~~~~~~
~~
    + CategoryInfo     
         : NotSpecifi  
  ed: ([31mx[39m B   
 uild failed in 416    
ms:String) [], Rem    
oteException
    + FullyQualifiedEr 
   rorId : NativeComm  
  andError
 
[31merror during 
build:
[31m[vite]: Rollup 
failed to resolve 
import "leaflet/dist/le
aflet.css" from "C:/Use
rs/vv403/OneDrive/Deskt
op/Smart-traffic-system
/frontend/src/main.jsx"
.
This is most likely 
unintended because it 
can break your 
application at runtime.
If you do want to 
externalize this 
module explicitly add 
it to
`build.rollupOptions.ex
ternal`[31m
    at viteWarn (file:/
//C:/Users/vv403/OneDri
ve/Desktop/Smart-traffi
c-system/frontend/node_
modules/vite/dist/node/
chunks/dep-BK3b2jBa.js:
65855:17)
    at onwarn (file:///
C:/Users/vv403/OneDrive
/Desktop/Smart-traffic-
system/frontend/node_mo
dules/@vitejs/plugin-re
act/dist/index.js:90:7)
    at onRollupWarning 
(file:///C:/Users/vv403
/OneDrive/Desktop/Smart
-traffic-system/fronten
d/node_modules/vite/dis
t/node/chunks/dep-BK3b2
jBa.js:65885:5)
    at onwarn (file:///
C:/Users/vv403/OneDrive
/Desktop/Smart-traffic-
system/frontend/node_mo
dules/vite/dist/node/ch
unks/dep-BK3b2jBa.js:65
550:7)
    at file:///C:/Users
/vv403/OneDrive/Desktop
/Smart-traffic-system/f
rontend/node_modules/ro
llup/dist/es/shared/nod
e-entry.js:20995:13
    at Object.logger 
[as onLog] (file:///C:/
Users/vv403/OneDrive/De
sktop/Smart-traffic-sys
tem/frontend/node_modul
es/rollup/dist/es/share
d/node-entry.js:22968:9
)
    at ModuleLoader.han
dleInvalidResolvedId (f
ile:///C:/Users/vv403/O
neDrive/Desktop/Smart-t
raffic-system/frontend/
node_modules/rollup/dis
t/es/shared/node-entry.
js:21712:26)
    at file:///C:/Users
/vv403/OneDrive/Desktop
/Smart-traffic-system/f
rontend/node_modules/ro
llup/dist/es/shared/nod
e-entry.js:21670:26[39
m
